<?xml version="1.0" encoding="UTF-8"?>
<testsuites name="jest tests" tests="1" failures="0" errors="0" time="14.752">
  <testsuite name="CoursesComponent" errors="0" failures="0" skipped="0" timestamp="2025-04-25T14:18:31" time="4.789" tests="1">
    <testcase classname="CoursesComponent should create" name="CoursesComponent should create" time="0.048">
    </testcase>
  </testsuite>
</testsuites>